// Jest Snapshot v1, https://goo.gl/fbAQLP

exports[`renders the heading 1`] = `
<div
  className="sc-bxivhb tSgFj"
  title="Circuit"
>
  <h2
    className="sc-htpNat WMXmb"
  >
    Circuit
  </h2>
  <div
    className="content"
  >
    <div
      className="sc-bdVaJa hfzptC"
    >
      <img
        alt="country"
        src="test-file-stub"
      />
    </div>
    <h4>
      locality
      , 
      country
    </h4>
    <div>
      <b>
        Round:
      </b>
       
      round
    </div>
    <div>
      <b>
        Race:
      </b>
       
      Race
    </div>
    <div>
      <b>
        Date:
      </b>
       
      date
    </div>
  </div>
  <button
    className="sc-bwzfXH gZxkjL"
    onClick={[MockFunction]}
    title="Go to standings"
  >
    Go to standings →
  </button>
</div>
`;
