// Jest Snapshot v1, https://goo.gl/fbAQLP

exports[`renders the heading 1`] = `
<div
  className="sc-bwzfXH jDXDDZ"
>
  <div
    className="title"
  >
    Round: 
    round
  </div>
  <div
    className="content"
  >
    <h3>
      Circuit
    </h3>
    <h4>
      locality
      , 
      country
    </h4>
    <div>
      Race – 
      Race
      ,
    </div>
    <div>
      Date – 
      date
    </div>
    <button
      className="sc-bdVaJa jYJGyW"
      onClick={[MockFunction]}
      title="Read more on Wiki"
    >
      Go to season standings
    </button>
  </div>
</div>
`;
